== Abstract Syntax Tree ==
LogicalProject(a=[$0], b=[$1], c=[$2], rank_num=[$3])
+- LogicalFilter(condition=[<=($3, 10)])
   +- LogicalProject(a=[$0], b=[$1], c=[$2], rank_num=[ROW_NUMBER() OVER (PARTITION BY $1 ORDER BY $2 DESC NULLS LAST ROWS BETWEEN UNBOUNDED PRECEDING AND CURRENT ROW)])
      +- LogicalTableScan(table=[[builtin, default, T]])

LogicalProject(a=[$0], b=[$1])
+- LogicalFilter(condition=[<($0, 6)])
   +- LogicalTableScan(table=[[builtin, default, T]])

== Optimized Logical Plan ==
StreamExecDataStreamScan(table=[[builtin, default, _DataStreamTable_0]], retract=[false], accMode=[Acc], reuse_id=[1])

StreamExecSink(fields=[a, b, c, rank_num], retract=[false], accMode=[AccRetract])
+- StreamExecRank(rankFunction=[ROW_NUMBER], partitionBy=[b], orderBy=[c DESC], rankRange=[rankStart=1, rankEnd=10], strategy=[AppendFastRank], select=[*, rowNum], retract=[true], accMode=[AccRetract])
   +- StreamExecExchange(distribution=[hash[b]], retract=[false], accMode=[Acc])
      +- Reused(reference_id=[1])

StreamExecSink(fields=[a, b], retract=[false], accMode=[Acc])
+- StreamExecCalc(select=[a, b], where=[<(a, 6)], retract=[false], accMode=[Acc])
   +- Reused(reference_id=[1])

== Physical Execution Plan ==
 : Data Source
	content : collect elements with CollectionInputFormat

	 : Operator
		content : SourceConversion(table:[builtin, default, _DataStreamTable_0], fields:(a, b, c))
		ship_strategy : FORWARD

		 : Operator
			content : AppendFastRank(orderBy: (c DESC), partitionBy: (b), *, rowNum, rankStart=1, rankEnd=10)
			ship_strategy : HASH

			 : Operator
				content : SinkConversion to Tuple2
				ship_strategy : FORWARD

				 : Operator
					content : Map
					ship_strategy : FORWARD

					 : Operator
						content : Calc(where: (a < 6), select: (a, b))
						ship_strategy : FORWARD

						 : Data Sink
							content : Sink: TestingRetractTableSink
							ship_strategy : FORWARD

							 : Data Sink
								content : Sink: TestingUpsertTableSink(keys=())
								ship_strategy : FORWARD

