== Abstract Syntax Tree ==
LogicalFilter(condition=[=(MOD($0, 2), 0)])
  LogicalTableScan(table=[[builtin, default, _DataStreamTable_0]])

== Optimized Logical Plan ==
StreamExecCalc(select=[a, b], where=[=(MOD(a, 2), 0)])
  StreamExecDataStreamScan(table=[[builtin, default, _DataStreamTable_0]])

== Physical Execution Plan ==
 : Data Source
	content : collect elements with CollectionInputFormat

	 : Operator
		content : SourceConversion(table:[builtin, default, _DataStreamTable_0], fields:(a, b))
		ship_strategy : FORWARD

		 : Operator
			content : Calc(where: ((a MOD 2) = 0), select: (a, b))
			ship_strategy : FORWARD

